<?xml version="1.0" encoding="ISO-8859-1" ?>
<link_info>
   <banner>TMS320C2000 Linker PC v18.12.1.LTS</banner>
   <copyright>Copyright (c) 1996-2018 Texas Instruments Incorporated</copyright>
   <link_time>0x5d448155</link_time>
   <link_errors>0x0</link_errors>
   <output_file>Inversor_Trifasico.out</output_file>
   <entry_point>
      <name>_c_int00</name>
      <address>0x9faf</address>
   </entry_point>
   <input_file_list>
      <input_file id="fl-2">
         <path>.\</path>
         <kind>object</kind>
         <file>DSP2833x_ADC_cal.obj</file>
         <name>DSP2833x_ADC_cal.obj</name>
      </input_file>
      <input_file id="fl-3">
         <path>.\</path>
         <kind>object</kind>
         <file>DSP2833x_Adc.obj</file>
         <name>DSP2833x_Adc.obj</name>
      </input_file>
      <input_file id="fl-4">
         <path>.\</path>
         <kind>object</kind>
         <file>DSP2833x_CodeStartBranch.obj</file>
         <name>DSP2833x_CodeStartBranch.obj</name>
      </input_file>
      <input_file id="fl-5">
         <path>.\</path>
         <kind>object</kind>
         <file>DSP2833x_CpuTimers.obj</file>
         <name>DSP2833x_CpuTimers.obj</name>
      </input_file>
      <input_file id="fl-6">
         <path>.\</path>
         <kind>object</kind>
         <file>DSP2833x_DefaultIsr.obj</file>
         <name>DSP2833x_DefaultIsr.obj</name>
      </input_file>
      <input_file id="fl-7">
         <path>.\</path>
         <kind>object</kind>
         <file>DSP2833x_GlobalVariableDefs.obj</file>
         <name>DSP2833x_GlobalVariableDefs.obj</name>
      </input_file>
      <input_file id="fl-8">
         <path>.\</path>
         <kind>object</kind>
         <file>DSP2833x_PieCtrl.obj</file>
         <name>DSP2833x_PieCtrl.obj</name>
      </input_file>
      <input_file id="fl-9">
         <path>.\</path>
         <kind>object</kind>
         <file>DSP2833x_PieVect.obj</file>
         <name>DSP2833x_PieVect.obj</name>
      </input_file>
      <input_file id="fl-a">
         <path>.\</path>
         <kind>object</kind>
         <file>DSP2833x_SysCtrl.obj</file>
         <name>DSP2833x_SysCtrl.obj</name>
      </input_file>
      <input_file id="fl-b">
         <path>.\</path>
         <kind>object</kind>
         <file>DSP2833x_usDelay.obj</file>
         <name>DSP2833x_usDelay.obj</name>
      </input_file>
      <input_file id="fl-c">
         <path>.\</path>
         <kind>object</kind>
         <file>main2.obj</file>
         <name>main2.obj</name>
      </input_file>
      <input_file id="fl-11">
         <kind>object</kind>
         <file>&lt;internal&gt;</file>
         <name>&lt;internal&gt;</name>
      </input_file>
      <input_file id="fl-1d">
         <path>C:\ti\ccs901\ccs\tools\compiler\ti-cgt-c2000_18.12.1.LTS\lib\</path>
         <kind>archive</kind>
         <file>rts2800_fpu32.lib</file>
         <name>e_sqrtf.c.obj</name>
      </input_file>
      <input_file id="fl-1e">
         <path>C:\ti\ccs901\ccs\tools\compiler\ti-cgt-c2000_18.12.1.LTS\lib\</path>
         <kind>archive</kind>
         <file>rts2800_fpu32.lib</file>
         <name>s_atanf.c.obj</name>
      </input_file>
      <input_file id="fl-1f">
         <path>C:\ti\ccs901\ccs\tools\compiler\ti-cgt-c2000_18.12.1.LTS\lib\</path>
         <kind>archive</kind>
         <file>rts2800_fpu32.lib</file>
         <name>s_cosf.c.obj</name>
      </input_file>
      <input_file id="fl-20">
         <path>C:\ti\ccs901\ccs\tools\compiler\ti-cgt-c2000_18.12.1.LTS\lib\</path>
         <kind>archive</kind>
         <file>rts2800_fpu32.lib</file>
         <name>s_sinf.c.obj</name>
      </input_file>
      <input_file id="fl-21">
         <path>C:\ti\ccs901\ccs\tools\compiler\ti-cgt-c2000_18.12.1.LTS\lib\</path>
         <kind>archive</kind>
         <file>rts2800_fpu32.lib</file>
         <name>boot28.asm.obj</name>
      </input_file>
      <input_file id="fl-22">
         <path>C:\ti\ccs901\ccs\tools\compiler\ti-cgt-c2000_18.12.1.LTS\lib\</path>
         <kind>archive</kind>
         <file>rts2800_fpu32.lib</file>
         <name>fs_div28.asm.obj</name>
      </input_file>
      <input_file id="fl-23">
         <path>C:\ti\ccs901\ccs\tools\compiler\ti-cgt-c2000_18.12.1.LTS\lib\</path>
         <kind>archive</kind>
         <file>rts2800_fpu32.lib</file>
         <name>cpy_tbl.c.obj</name>
      </input_file>
      <input_file id="fl-24">
         <path>C:\ti\ccs901\ccs\tools\compiler\ti-cgt-c2000_18.12.1.LTS\lib\</path>
         <kind>archive</kind>
         <file>rts2800_fpu32.lib</file>
         <name>memcpy.c.obj</name>
      </input_file>
      <input_file id="fl-25">
         <path>C:\ti\ccs901\ccs\tools\compiler\ti-cgt-c2000_18.12.1.LTS\lib\</path>
         <kind>archive</kind>
         <file>rts2800_fpu32.lib</file>
         <name>pre_init.c.obj</name>
      </input_file>
      <input_file id="fl-26">
         <path>C:\ti\ccs901\ccs\tools\compiler\ti-cgt-c2000_18.12.1.LTS\lib\</path>
         <kind>archive</kind>
         <file>rts2800_fpu32.lib</file>
         <name>startup.c.obj</name>
      </input_file>
      <input_file id="fl-27">
         <path>C:\ti\ccs901\ccs\tools\compiler\ti-cgt-c2000_18.12.1.LTS\lib\</path>
         <kind>archive</kind>
         <file>rts2800_fpu32.lib</file>
         <name>exit.c.obj</name>
      </input_file>
      <input_file id="fl-28">
         <path>C:\ti\ccs901\ccs\tools\compiler\ti-cgt-c2000_18.12.1.LTS\lib\</path>
         <kind>archive</kind>
         <file>rts2800_fpu32.lib</file>
         <name>_lock.c.obj</name>
      </input_file>
      <input_file id="fl-29">
         <path>C:\ti\ccs901\ccs\tools\compiler\ti-cgt-c2000_18.12.1.LTS\lib\</path>
         <kind>archive</kind>
         <file>rts2800_fpu32.lib</file>
         <name>args_main.c.obj</name>
      </input_file>
      <input_file id="fl-2a">
         <path>C:\ti\ccs901\ccs\tools\compiler\ti-cgt-c2000_18.12.1.LTS\lib\</path>
         <kind>archive</kind>
         <file>rts2800_fpu32.lib</file>
         <name>errno.c.obj</name>
      </input_file>
   </input_file_list>
   <object_component_list>
      <object_component id="oc-57">
         <name>codestart</name>
         <load_address>0x0</load_address>
         <run_address>0x0</run_address>
         <size>0x2</size>
         <input_file_ref idref="fl-4"/>
      </object_component>
      <object_component id="oc-b4">
         <name>.text:retain</name>
         <load_address>0x9000</load_address>
         <run_address>0x9000</run_address>
         <size>0x5a3</size>
         <input_file_ref idref="fl-c"/>
      </object_component>
      <object_component id="oc-117">
         <name>.text</name>
         <load_address>0x95a3</load_address>
         <run_address>0x95a3</run_address>
         <size>0x3f0</size>
         <input_file_ref idref="fl-c"/>
      </object_component>
      <object_component id="oc-63">
         <name>.text:retain</name>
         <load_address>0x9993</load_address>
         <run_address>0x9993</run_address>
         <size>0x316</size>
         <input_file_ref idref="fl-6"/>
      </object_component>
      <object_component id="oc-14a">
         <name>.text</name>
         <load_address>0x9ca9</load_address>
         <run_address>0x9ca9</run_address>
         <size>0xf8</size>
         <input_file_ref idref="fl-a"/>
      </object_component>
      <object_component id="oc-15e">
         <name>.text</name>
         <load_address>0x9da1</load_address>
         <run_address>0x9da1</run_address>
         <size>0xca</size>
         <input_file_ref idref="fl-1e"/>
      </object_component>
      <object_component id="oc-d4">
         <name>.text</name>
         <load_address>0x9e6b</load_address>
         <run_address>0x9e6b</run_address>
         <size>0x88</size>
         <input_file_ref idref="fl-22"/>
      </object_component>
      <object_component id="oc-120">
         <name>.text</name>
         <load_address>0x9ef3</load_address>
         <run_address>0x9ef3</run_address>
         <size>0x63</size>
         <input_file_ref idref="fl-1f"/>
      </object_component>
      <object_component id="oc-121">
         <name>.text</name>
         <load_address>0x9f56</load_address>
         <run_address>0x9f56</run_address>
         <size>0x59</size>
         <input_file_ref idref="fl-20"/>
      </object_component>
      <object_component id="oc-4b">
         <name>.text</name>
         <load_address>0x9faf</load_address>
         <run_address>0x9faf</run_address>
         <size>0x56</size>
         <input_file_ref idref="fl-21"/>
      </object_component>
      <object_component id="oc-106">
         <name>.text</name>
         <load_address>0xa005</load_address>
         <run_address>0xa005</run_address>
         <size>0x29</size>
         <input_file_ref idref="fl-27"/>
      </object_component>
      <object_component id="oc-14b">
         <name>.text</name>
         <load_address>0xa02e</load_address>
         <run_address>0xa02e</run_address>
         <size>0x28</size>
         <input_file_ref idref="fl-8"/>
      </object_component>
      <object_component id="oc-12e">
         <name>.text</name>
         <load_address>0xa056</load_address>
         <run_address>0xa056</run_address>
         <size>0x27</size>
         <input_file_ref idref="fl-1d"/>
      </object_component>
      <object_component id="oc-103">
         <name>.text</name>
         <load_address>0xa07d</load_address>
         <run_address>0xa07d</run_address>
         <size>0x24</size>
         <input_file_ref idref="fl-23"/>
      </object_component>
      <object_component id="oc-14c">
         <name>.text</name>
         <load_address>0xa0a1</load_address>
         <run_address>0xa0a1</run_address>
         <size>0x20</size>
         <input_file_ref idref="fl-9"/>
      </object_component>
      <object_component id="oc-147">
         <name>.text</name>
         <load_address>0xa0c1</load_address>
         <run_address>0xa0c1</run_address>
         <size>0x1d</size>
         <input_file_ref idref="fl-24"/>
      </object_component>
      <object_component id="oc-105">
         <name>.text</name>
         <load_address>0xa0de</load_address>
         <run_address>0xa0de</run_address>
         <size>0x19</size>
         <input_file_ref idref="fl-29"/>
      </object_component>
      <object_component id="oc-14d">
         <name>.text</name>
         <load_address>0xa0f7</load_address>
         <run_address>0xa0f7</run_address>
         <size>0x14</size>
         <input_file_ref idref="fl-3"/>
      </object_component>
      <object_component id="oc-15f">
         <name>.text</name>
         <load_address>0xa10b</load_address>
         <run_address>0xa10b</run_address>
         <size>0x9</size>
         <input_file_ref idref="fl-28"/>
      </object_component>
      <object_component id="oc-56">
         <name>.text</name>
         <load_address>0xa114</load_address>
         <run_address>0xa114</run_address>
         <size>0x8</size>
         <input_file_ref idref="fl-4"/>
      </object_component>
      <object_component id="oc-102">
         <name>.text</name>
         <load_address>0xa11c</load_address>
         <run_address>0xa11c</run_address>
         <size>0x2</size>
         <input_file_ref idref="fl-25"/>
      </object_component>
      <object_component id="oc-104">
         <name>.text</name>
         <load_address>0xa11e</load_address>
         <run_address>0xa11e</run_address>
         <size>0x1</size>
         <input_file_ref idref="fl-26"/>
      </object_component>
      <object_component id="oc-b1">
         <name>.cinit</name>
         <load_address>0x8000</load_address>
         <run_address>0x8000</run_address>
         <size>0x88</size>
         <input_file_ref idref="fl-c"/>
      </object_component>
      <object_component id="oc-ee">
         <name>.cinit</name>
         <load_address>0x8088</load_address>
         <run_address>0x8088</run_address>
         <size>0xe</size>
         <input_file_ref idref="fl-27"/>
      </object_component>
      <object_component id="oc-108">
         <name>.cinit:_Chaves</name>
         <load_address>0x8096</load_address>
         <run_address>0x8096</run_address>
         <size>0x9</size>
         <input_file_ref idref="fl-c"/>
      </object_component>
      <object_component id="oc-138">
         <name>.cinit:_Erro_P</name>
         <load_address>0x809f</load_address>
         <run_address>0x809f</run_address>
         <size>0x7</size>
         <input_file_ref idref="fl-c"/>
      </object_component>
      <object_component id="oc-13a">
         <name>.cinit:_Erro_Q</name>
         <load_address>0x80a6</load_address>
         <run_address>0x80a6</run_address>
         <size>0x7</size>
         <input_file_ref idref="fl-c"/>
      </object_component>
      <object_component id="oc-140">
         <name>.cinit:_Erro_id</name>
         <load_address>0x80ad</load_address>
         <run_address>0x80ad</run_address>
         <size>0x7</size>
         <input_file_ref idref="fl-c"/>
      </object_component>
      <object_component id="oc-144">
         <name>.cinit:_Erro_iq</name>
         <load_address>0x80b4</load_address>
         <run_address>0x80b4</run_address>
         <size>0x7</size>
         <input_file_ref idref="fl-c"/>
      </object_component>
      <object_component id="oc-123">
         <name>.cinit:_Id_med</name>
         <load_address>0x80bb</load_address>
         <run_address>0x80bb</run_address>
         <size>0x7</size>
         <input_file_ref idref="fl-c"/>
      </object_component>
      <object_component id="oc-12b">
         <name>.cinit:_Id_medf</name>
         <load_address>0x80c2</load_address>
         <run_address>0x80c2</run_address>
         <size>0x7</size>
         <input_file_ref idref="fl-c"/>
      </object_component>
      <object_component id="oc-13c">
         <name>.cinit:_Id_ref</name>
         <load_address>0x80c9</load_address>
         <run_address>0x80c9</run_address>
         <size>0x7</size>
         <input_file_ref idref="fl-c"/>
      </object_component>
      <object_component id="oc-125">
         <name>.cinit:_Iq_med</name>
         <load_address>0x80d0</load_address>
         <run_address>0x80d0</run_address>
         <size>0x7</size>
         <input_file_ref idref="fl-c"/>
      </object_component>
      <object_component id="oc-12d">
         <name>.cinit:_Iq_medf</name>
         <load_address>0x80d7</load_address>
         <run_address>0x80d7</run_address>
         <size>0x7</size>
         <input_file_ref idref="fl-c"/>
      </object_component>
      <object_component id="oc-13e">
         <name>.cinit:_Iq_ref</name>
         <load_address>0x80de</load_address>
         <run_address>0x80de</run_address>
         <size>0x7</size>
         <input_file_ref idref="fl-c"/>
      </object_component>
      <object_component id="oc-130">
         <name>.cinit:_P_med</name>
         <load_address>0x80e5</load_address>
         <run_address>0x80e5</run_address>
         <size>0x7</size>
         <input_file_ref idref="fl-c"/>
      </object_component>
      <object_component id="oc-134">
         <name>.cinit:_P_medf</name>
         <load_address>0x80ec</load_address>
         <run_address>0x80ec</run_address>
         <size>0x7</size>
         <input_file_ref idref="fl-c"/>
      </object_component>
      <object_component id="oc-142">
         <name>.cinit:_Pi_id</name>
         <load_address>0x80f3</load_address>
         <run_address>0x80f3</run_address>
         <size>0x7</size>
         <input_file_ref idref="fl-c"/>
      </object_component>
      <object_component id="oc-146">
         <name>.cinit:_Pi_iq</name>
         <load_address>0x80fa</load_address>
         <run_address>0x80fa</run_address>
         <size>0x7</size>
         <input_file_ref idref="fl-c"/>
      </object_component>
      <object_component id="oc-132">
         <name>.cinit:_Q_med</name>
         <load_address>0x8101</load_address>
         <run_address>0x8101</run_address>
         <size>0x7</size>
         <input_file_ref idref="fl-c"/>
      </object_component>
      <object_component id="oc-136">
         <name>.cinit:_Q_medf</name>
         <load_address>0x8108</load_address>
         <run_address>0x8108</run_address>
         <size>0x7</size>
         <input_file_ref idref="fl-c"/>
      </object_component>
      <object_component id="oc-119">
         <name>.cinit:_V_CAP</name>
         <load_address>0x810f</load_address>
         <run_address>0x810f</run_address>
         <size>0x7</size>
         <input_file_ref idref="fl-c"/>
      </object_component>
      <object_component id="oc-11b">
         <name>.cinit:_V_CAPF</name>
         <load_address>0x8116</load_address>
         <run_address>0x8116</run_address>
         <size>0x7</size>
         <input_file_ref idref="fl-c"/>
      </object_component>
      <object_component id="oc-11d">
         <name>.cinit:_Vd_med</name>
         <load_address>0x811d</load_address>
         <run_address>0x811d</run_address>
         <size>0x7</size>
         <input_file_ref idref="fl-c"/>
      </object_component>
      <object_component id="oc-127">
         <name>.cinit:_Vd_medf</name>
         <load_address>0x8124</load_address>
         <run_address>0x8124</run_address>
         <size>0x7</size>
         <input_file_ref idref="fl-c"/>
      </object_component>
      <object_component id="oc-11f">
         <name>.cinit:_Vq_med</name>
         <load_address>0x812b</load_address>
         <run_address>0x812b</run_address>
         <size>0x7</size>
         <input_file_ref idref="fl-c"/>
      </object_component>
      <object_component id="oc-129">
         <name>.cinit:_Vq_medf</name>
         <load_address>0x8132</load_address>
         <run_address>0x8132</run_address>
         <size>0x7</size>
         <input_file_ref idref="fl-c"/>
      </object_component>
      <object_component id="oc-10a">
         <name>.cinit:_Corrente_A</name>
         <load_address>0x8139</load_address>
         <run_address>0x8139</run_address>
         <size>0x5</size>
         <input_file_ref idref="fl-c"/>
      </object_component>
      <object_component id="oc-10c">
         <name>.cinit:_Corrente_B</name>
         <load_address>0x813e</load_address>
         <run_address>0x813e</run_address>
         <size>0x5</size>
         <input_file_ref idref="fl-c"/>
      </object_component>
      <object_component id="oc-10e">
         <name>.cinit:_Corrente_C</name>
         <load_address>0x8143</load_address>
         <run_address>0x8143</run_address>
         <size>0x5</size>
         <input_file_ref idref="fl-c"/>
      </object_component>
      <object_component id="oc-15d">
         <name>.cinit:_FLL_Freq</name>
         <load_address>0x8148</load_address>
         <run_address>0x8148</run_address>
         <size>0x5</size>
         <input_file_ref idref="fl-c"/>
      </object_component>
      <object_component id="oc-15b">
         <name>.cinit:_FLL_int</name>
         <load_address>0x814d</load_address>
         <run_address>0x814d</run_address>
         <size>0x5</size>
         <input_file_ref idref="fl-c"/>
      </object_component>
      <object_component id="oc-110">
         <name>.cinit:_Tensao_A</name>
         <load_address>0x8152</load_address>
         <run_address>0x8152</run_address>
         <size>0x5</size>
         <input_file_ref idref="fl-c"/>
      </object_component>
      <object_component id="oc-112">
         <name>.cinit:_Tensao_B</name>
         <load_address>0x8157</load_address>
         <run_address>0x8157</run_address>
         <size>0x5</size>
         <input_file_ref idref="fl-c"/>
      </object_component>
      <object_component id="oc-114">
         <name>.cinit:_Tensao_C</name>
         <load_address>0x815c</load_address>
         <run_address>0x815c</run_address>
         <size>0x5</size>
         <input_file_ref idref="fl-c"/>
      </object_component>
      <object_component id="oc-151">
         <name>.cinit:_V_alfa_int</name>
         <load_address>0x8161</load_address>
         <run_address>0x8161</run_address>
         <size>0x5</size>
         <input_file_ref idref="fl-c"/>
      </object_component>
      <object_component id="oc-14f">
         <name>.cinit:_V_alfa_inter</name>
         <load_address>0x8166</load_address>
         <run_address>0x8166</run_address>
         <size>0x5</size>
         <input_file_ref idref="fl-c"/>
      </object_component>
      <object_component id="oc-153">
         <name>.cinit:_V_alfa_out</name>
         <load_address>0x816b</load_address>
         <run_address>0x816b</run_address>
         <size>0x5</size>
         <input_file_ref idref="fl-c"/>
      </object_component>
      <object_component id="oc-157">
         <name>.cinit:_V_beta_int</name>
         <load_address>0x8170</load_address>
         <run_address>0x8170</run_address>
         <size>0x5</size>
         <input_file_ref idref="fl-c"/>
      </object_component>
      <object_component id="oc-155">
         <name>.cinit:_V_beta_inter</name>
         <load_address>0x8175</load_address>
         <run_address>0x8175</run_address>
         <size>0x5</size>
         <input_file_ref idref="fl-c"/>
      </object_component>
      <object_component id="oc-159">
         <name>.cinit:_V_beta_out</name>
         <load_address>0x817a</load_address>
         <run_address>0x817a</run_address>
         <size>0x5</size>
         <input_file_ref idref="fl-c"/>
      </object_component>
      <object_component id="oc-116">
         <name>.cinit:_Vcc</name>
         <load_address>0x817f</load_address>
         <run_address>0x817f</run_address>
         <size>0x5</size>
         <input_file_ref idref="fl-c"/>
      </object_component>
      <object_component id="oc-149">
         <name>.cinit:__lock</name>
         <load_address>0x8184</load_address>
         <run_address>0x8184</run_address>
         <size>0x5</size>
         <input_file_ref idref="fl-28"/>
      </object_component>
      <object_component id="oc-160">
         <name>.cinit:__unlock</name>
         <load_address>0x8189</load_address>
         <run_address>0x8189</run_address>
         <size>0x5</size>
         <input_file_ref idref="fl-28"/>
      </object_component>
      <object_component id="oc-ff">
         <name>.cinit</name>
         <load_address>0x818e</load_address>
         <run_address>0x818e</run_address>
         <size>0x4</size>
         <input_file_ref idref="fl-2a"/>
      </object_component>
      <object_component id="oc-ce">
         <name>.stack</name>
         <uninitialized>true</uninitialized>
         <run_address>0x400</run_address>
         <size>0x0</size>
         <input_file_ref idref="fl-21"/>
      </object_component>
      <object_component id="oc-1bc">
         <name>.stack</name>
         <uninitialized>true</uninitialized>
         <run_address>0x400</run_address>
         <size>0x0</size>
      </object_component>
      <object_component id="oc-5d">
         <name>.ebss</name>
         <uninitialized>true</uninitialized>
         <run_address>0xc120</run_address>
         <size>0x18</size>
         <input_file_ref idref="fl-5"/>
      </object_component>
      <object_component id="oc-b2">
         <name>.ebss</name>
         <uninitialized>true</uninitialized>
         <run_address>0xc000</run_address>
         <size>0x32</size>
         <input_file_ref idref="fl-c"/>
      </object_component>
      <object_component id="oc-14e">
         <name>.ebss:_V_alfa_inter</name>
         <uninitialized>true</uninitialized>
         <run_address>0xc18c</run_address>
         <size>0x4</size>
         <input_file_ref idref="fl-c"/>
      </object_component>
      <object_component id="oc-152">
         <name>.ebss:_V_alfa_out</name>
         <uninitialized>true</uninitialized>
         <run_address>0xc190</run_address>
         <size>0x4</size>
         <input_file_ref idref="fl-c"/>
      </object_component>
      <object_component id="oc-150">
         <name>.ebss:_V_alfa_int</name>
         <uninitialized>true</uninitialized>
         <run_address>0xc188</run_address>
         <size>0x4</size>
         <input_file_ref idref="fl-c"/>
      </object_component>
      <object_component id="oc-154">
         <name>.ebss:_V_beta_inter</name>
         <uninitialized>true</uninitialized>
         <run_address>0xc198</run_address>
         <size>0x4</size>
         <input_file_ref idref="fl-c"/>
      </object_component>
      <object_component id="oc-158">
         <name>.ebss:_V_beta_out</name>
         <uninitialized>true</uninitialized>
         <run_address>0xc19c</run_address>
         <size>0x4</size>
         <input_file_ref idref="fl-c"/>
      </object_component>
      <object_component id="oc-156">
         <name>.ebss:_V_beta_int</name>
         <uninitialized>true</uninitialized>
         <run_address>0xc194</run_address>
         <size>0x4</size>
         <input_file_ref idref="fl-c"/>
      </object_component>
      <object_component id="oc-15a">
         <name>.ebss:_FLL_int</name>
         <uninitialized>true</uninitialized>
         <run_address>0xc14c</run_address>
         <size>0x4</size>
         <input_file_ref idref="fl-c"/>
      </object_component>
      <object_component id="oc-15c">
         <name>.ebss:_FLL_Freq</name>
         <uninitialized>true</uninitialized>
         <run_address>0xc148</run_address>
         <size>0x4</size>
         <input_file_ref idref="fl-c"/>
      </object_component>
      <object_component id="oc-11c">
         <name>.ebss:_Vd_med</name>
         <uninitialized>true</uninitialized>
         <run_address>0xc1a0</run_address>
         <size>0x4</size>
         <input_file_ref idref="fl-c"/>
      </object_component>
      <object_component id="oc-11e">
         <name>.ebss:_Vq_med</name>
         <uninitialized>true</uninitialized>
         <run_address>0xc1a8</run_address>
         <size>0x4</size>
         <input_file_ref idref="fl-c"/>
      </object_component>
      <object_component id="oc-126">
         <name>.ebss:_Vd_medf</name>
         <uninitialized>true</uninitialized>
         <run_address>0xc1a4</run_address>
         <size>0x4</size>
         <input_file_ref idref="fl-c"/>
      </object_component>
      <object_component id="oc-128">
         <name>.ebss:_Vq_medf</name>
         <uninitialized>true</uninitialized>
         <run_address>0xc1ac</run_address>
         <size>0x4</size>
         <input_file_ref idref="fl-c"/>
      </object_component>
      <object_component id="oc-122">
         <name>.ebss:_Id_med</name>
         <uninitialized>true</uninitialized>
         <run_address>0xc150</run_address>
         <size>0x4</size>
         <input_file_ref idref="fl-c"/>
      </object_component>
      <object_component id="oc-124">
         <name>.ebss:_Iq_med</name>
         <uninitialized>true</uninitialized>
         <run_address>0xc15c</run_address>
         <size>0x4</size>
         <input_file_ref idref="fl-c"/>
      </object_component>
      <object_component id="oc-12a">
         <name>.ebss:_Id_medf</name>
         <uninitialized>true</uninitialized>
         <run_address>0xc154</run_address>
         <size>0x4</size>
         <input_file_ref idref="fl-c"/>
      </object_component>
      <object_component id="oc-12c">
         <name>.ebss:_Iq_medf</name>
         <uninitialized>true</uninitialized>
         <run_address>0xc160</run_address>
         <size>0x4</size>
         <input_file_ref idref="fl-c"/>
      </object_component>
      <object_component id="oc-118">
         <name>.ebss:_V_CAP</name>
         <uninitialized>true</uninitialized>
         <run_address>0xc180</run_address>
         <size>0x4</size>
         <input_file_ref idref="fl-c"/>
      </object_component>
      <object_component id="oc-11a">
         <name>.ebss:_V_CAPF</name>
         <uninitialized>true</uninitialized>
         <run_address>0xc184</run_address>
         <size>0x4</size>
         <input_file_ref idref="fl-c"/>
      </object_component>
      <object_component id="oc-12f">
         <name>.ebss:_P_med</name>
         <uninitialized>true</uninitialized>
         <run_address>0xc168</run_address>
         <size>0x4</size>
         <input_file_ref idref="fl-c"/>
      </object_component>
      <object_component id="oc-131">
         <name>.ebss:_Q_med</name>
         <uninitialized>true</uninitialized>
         <run_address>0xc178</run_address>
         <size>0x4</size>
         <input_file_ref idref="fl-c"/>
      </object_component>
      <object_component id="oc-133">
         <name>.ebss:_P_medf</name>
         <uninitialized>true</uninitialized>
         <run_address>0xc16c</run_address>
         <size>0x4</size>
         <input_file_ref idref="fl-c"/>
      </object_component>
      <object_component id="oc-135">
         <name>.ebss:_Q_medf</name>
         <uninitialized>true</uninitialized>
         <run_address>0xc17c</run_address>
         <size>0x4</size>
         <input_file_ref idref="fl-c"/>
      </object_component>
      <object_component id="oc-137">
         <name>.ebss:_Erro_P</name>
         <uninitialized>true</uninitialized>
         <run_address>0xc138</run_address>
         <size>0x4</size>
         <input_file_ref idref="fl-c"/>
      </object_component>
      <object_component id="oc-139">
         <name>.ebss:_Erro_Q</name>
         <uninitialized>true</uninitialized>
         <run_address>0xc13c</run_address>
         <size>0x4</size>
         <input_file_ref idref="fl-c"/>
      </object_component>
      <object_component id="oc-13b">
         <name>.ebss:_Id_ref</name>
         <uninitialized>true</uninitialized>
         <run_address>0xc158</run_address>
         <size>0x4</size>
         <input_file_ref idref="fl-c"/>
      </object_component>
      <object_component id="oc-13d">
         <name>.ebss:_Iq_ref</name>
         <uninitialized>true</uninitialized>
         <run_address>0xc164</run_address>
         <size>0x4</size>
         <input_file_ref idref="fl-c"/>
      </object_component>
      <object_component id="oc-13f">
         <name>.ebss:_Erro_id</name>
         <uninitialized>true</uninitialized>
         <run_address>0xc140</run_address>
         <size>0x4</size>
         <input_file_ref idref="fl-c"/>
      </object_component>
      <object_component id="oc-143">
         <name>.ebss:_Erro_iq</name>
         <uninitialized>true</uninitialized>
         <run_address>0xc144</run_address>
         <size>0x4</size>
         <input_file_ref idref="fl-c"/>
      </object_component>
      <object_component id="oc-141">
         <name>.ebss:_Pi_id</name>
         <uninitialized>true</uninitialized>
         <run_address>0xc170</run_address>
         <size>0x4</size>
         <input_file_ref idref="fl-c"/>
      </object_component>
      <object_component id="oc-145">
         <name>.ebss:_Pi_iq</name>
         <uninitialized>true</uninitialized>
         <run_address>0xc174</run_address>
         <size>0x4</size>
         <input_file_ref idref="fl-c"/>
      </object_component>
      <object_component id="oc-107">
         <name>.ebss:_Chaves</name>
         <uninitialized>true</uninitialized>
         <run_address>0xc032</run_address>
         <size>0x6</size>
         <input_file_ref idref="fl-c"/>
      </object_component>
      <object_component id="oc-109">
         <name>.ebss:_Corrente_A</name>
         <uninitialized>true</uninitialized>
         <run_address>0xc040</run_address>
         <size>0x20</size>
         <input_file_ref idref="fl-c"/>
      </object_component>
      <object_component id="oc-10b">
         <name>.ebss:_Corrente_B</name>
         <uninitialized>true</uninitialized>
         <run_address>0xc060</run_address>
         <size>0x20</size>
         <input_file_ref idref="fl-c"/>
      </object_component>
      <object_component id="oc-10d">
         <name>.ebss:_Corrente_C</name>
         <uninitialized>true</uninitialized>
         <run_address>0xc080</run_address>
         <size>0x20</size>
         <input_file_ref idref="fl-c"/>
      </object_component>
      <object_component id="oc-10f">
         <name>.ebss:_Tensao_A</name>
         <uninitialized>true</uninitialized>
         <run_address>0xc0a0</run_address>
         <size>0x20</size>
         <input_file_ref idref="fl-c"/>
      </object_component>
      <object_component id="oc-111">
         <name>.ebss:_Tensao_B</name>
         <uninitialized>true</uninitialized>
         <run_address>0xc0c0</run_address>
         <size>0x20</size>
         <input_file_ref idref="fl-c"/>
      </object_component>
      <object_component id="oc-113">
         <name>.ebss:_Tensao_C</name>
         <uninitialized>true</uninitialized>
         <run_address>0xc0e0</run_address>
         <size>0x20</size>
         <input_file_ref idref="fl-c"/>
      </object_component>
      <object_component id="oc-115">
         <name>.ebss:_Vcc</name>
         <uninitialized>true</uninitialized>
         <run_address>0xc100</run_address>
         <size>0x20</size>
         <input_file_ref idref="fl-c"/>
      </object_component>
      <object_component id="oc-ef">
         <name>.ebss</name>
         <uninitialized>true</uninitialized>
         <run_address>0xc038</run_address>
         <size>0x6</size>
         <input_file_ref idref="fl-27"/>
      </object_component>
      <object_component id="oc-148">
         <name>.ebss:__lock</name>
         <uninitialized>true</uninitialized>
         <run_address>0xc03e</run_address>
         <size>0x2</size>
         <input_file_ref idref="fl-28"/>
      </object_component>
      <object_component id="oc-165">
         <name>.ebss:__unlock</name>
         <uninitialized>true</uninitialized>
         <run_address>0xc1b0</run_address>
         <size>0x2</size>
         <input_file_ref idref="fl-28"/>
      </object_component>
      <object_component id="oc-100">
         <name>.ebss</name>
         <uninitialized>true</uninitialized>
         <run_address>0xc1b2</run_address>
         <size>0x1</size>
         <input_file_ref idref="fl-2a"/>
      </object_component>
      <object_component id="oc-161">
         <name>.econst:_PieVectTableInit</name>
         <load_address>0xd000</load_address>
         <run_address>0xd000</run_address>
         <size>0x100</size>
         <input_file_ref idref="fl-9"/>
      </object_component>
      <object_component id="oc-b3">
         <name>.econst</name>
         <load_address>0xd100</load_address>
         <run_address>0xd100</run_address>
         <size>0x24</size>
         <input_file_ref idref="fl-c"/>
      </object_component>
      <object_component id="oc-164">
         <name>.econst:_aT</name>
         <load_address>0xd124</load_address>
         <run_address>0xd124</run_address>
         <size>0xa</size>
         <input_file_ref idref="fl-1e"/>
      </object_component>
      <object_component id="oc-162">
         <name>.econst:_atanhi</name>
         <load_address>0xd12e</load_address>
         <run_address>0xd12e</run_address>
         <size>0x8</size>
         <input_file_ref idref="fl-1e"/>
      </object_component>
      <object_component id="oc-163">
         <name>.econst:_atanlo</name>
         <load_address>0xd136</load_address>
         <run_address>0xd136</run_address>
         <size>0x8</size>
         <input_file_ref idref="fl-1e"/>
      </object_component>
      <object_component id="oc-bf">
         <name>.econst</name>
         <load_address>0xd13e</load_address>
         <run_address>0xd13e</run_address>
         <size>0x4</size>
         <input_file_ref idref="fl-1e"/>
      </object_component>
      <object_component id="oc-cf">
         <name>.reset</name>
         <load_address>0x3fffc0</load_address>
         <run_address>0x3fffc0</run_address>
         <size>0x2</size>
         <input_file_ref idref="fl-21"/>
      </object_component>
      <object_component id="oc-4c">
         <name>.adc_cal</name>
         <load_address>0x380080</load_address>
         <run_address>0x380080</run_address>
         <size>0x7</size>
         <input_file_ref idref="fl-2"/>
      </object_component>
      <object_component id="oc-9a">
         <name>PieVectTableFile</name>
         <uninitialized>true</uninitialized>
         <run_address>0xd00</run_address>
         <size>0x100</size>
         <input_file_ref idref="fl-7"/>
      </object_component>
      <object_component id="oc-96">
         <name>DevEmuRegsFile</name>
         <uninitialized>true</uninitialized>
         <run_address>0x880</run_address>
         <size>0xd0</size>
         <input_file_ref idref="fl-7"/>
      </object_component>
      <object_component id="oc-6e">
         <name>FlashRegsFile</name>
         <uninitialized>true</uninitialized>
         <run_address>0xa80</run_address>
         <size>0x8</size>
         <input_file_ref idref="fl-7"/>
      </object_component>
      <object_component id="oc-71">
         <name>CsmRegsFile</name>
         <uninitialized>true</uninitialized>
         <run_address>0xae0</run_address>
         <size>0x10</size>
         <input_file_ref idref="fl-7"/>
      </object_component>
      <object_component id="oc-70">
         <name>AdcMirrorFile</name>
         <uninitialized>true</uninitialized>
         <run_address>0xb00</run_address>
         <size>0x10</size>
         <input_file_ref idref="fl-7"/>
      </object_component>
      <object_component id="oc-79">
         <name>XintfRegsFile</name>
         <uninitialized>true</uninitialized>
         <run_address>0xb20</run_address>
         <size>0x1e</size>
         <input_file_ref idref="fl-7"/>
      </object_component>
      <object_component id="oc-6a">
         <name>CpuTimer0RegsFile</name>
         <uninitialized>true</uninitialized>
         <run_address>0xc00</run_address>
         <size>0x8</size>
         <input_file_ref idref="fl-7"/>
      </object_component>
      <object_component id="oc-6b">
         <name>CpuTimer1RegsFile</name>
         <uninitialized>true</uninitialized>
         <run_address>0xc08</run_address>
         <size>0x8</size>
         <input_file_ref idref="fl-7"/>
      </object_component>
      <object_component id="oc-6c">
         <name>CpuTimer2RegsFile</name>
         <uninitialized>true</uninitialized>
         <run_address>0xc10</run_address>
         <size>0x8</size>
         <input_file_ref idref="fl-7"/>
      </object_component>
      <object_component id="oc-77">
         <name>PieCtrlRegsFile</name>
         <uninitialized>true</uninitialized>
         <run_address>0xce0</run_address>
         <size>0x1a</size>
         <input_file_ref idref="fl-7"/>
      </object_component>
      <object_component id="oc-97">
         <name>DmaRegsFile</name>
         <uninitialized>true</uninitialized>
         <run_address>0x1000</run_address>
         <size>0xe0</size>
         <input_file_ref idref="fl-7"/>
      </object_component>
      <object_component id="oc-89">
         <name>McbspaRegsFile</name>
         <uninitialized>true</uninitialized>
         <run_address>0x5000</run_address>
         <size>0x25</size>
         <input_file_ref idref="fl-7"/>
      </object_component>
      <object_component id="oc-8a">
         <name>McbspbRegsFile</name>
         <uninitialized>true</uninitialized>
         <run_address>0x5040</run_address>
         <size>0x25</size>
         <input_file_ref idref="fl-7"/>
      </object_component>
      <object_component id="oc-8c">
         <name>ECanaRegsFile</name>
         <uninitialized>true</uninitialized>
         <run_address>0x6000</run_address>
         <size>0x34</size>
         <input_file_ref idref="fl-7"/>
      </object_component>
      <object_component id="oc-8e">
         <name>ECanaLAMRegsFile</name>
         <uninitialized>true</uninitialized>
         <run_address>0x6040</run_address>
         <size>0x40</size>
         <input_file_ref idref="fl-7"/>
      </object_component>
      <object_component id="oc-98">
         <name>ECanaMboxesFile</name>
         <uninitialized>true</uninitialized>
         <run_address>0x6100</run_address>
         <size>0x100</size>
         <input_file_ref idref="fl-7"/>
      </object_component>
      <object_component id="oc-8f">
         <name>ECanaMOTSRegsFile</name>
         <uninitialized>true</uninitialized>
         <run_address>0x6080</run_address>
         <size>0x40</size>
         <input_file_ref idref="fl-7"/>
      </object_component>
      <object_component id="oc-90">
         <name>ECanaMOTORegsFile</name>
         <uninitialized>true</uninitialized>
         <run_address>0x60c0</run_address>
         <size>0x40</size>
         <input_file_ref idref="fl-7"/>
      </object_component>
      <object_component id="oc-8d">
         <name>ECanbRegsFile</name>
         <uninitialized>true</uninitialized>
         <run_address>0x6200</run_address>
         <size>0x34</size>
         <input_file_ref idref="fl-7"/>
      </object_component>
      <object_component id="oc-91">
         <name>ECanbLAMRegsFile</name>
         <uninitialized>true</uninitialized>
         <run_address>0x6240</run_address>
         <size>0x40</size>
         <input_file_ref idref="fl-7"/>
      </object_component>
      <object_component id="oc-99">
         <name>ECanbMboxesFile</name>
         <uninitialized>true</uninitialized>
         <run_address>0x6300</run_address>
         <size>0x100</size>
         <input_file_ref idref="fl-7"/>
      </object_component>
      <object_component id="oc-92">
         <name>ECanbMOTSRegsFile</name>
         <uninitialized>true</uninitialized>
         <run_address>0x6280</run_address>
         <size>0x40</size>
         <input_file_ref idref="fl-7"/>
      </object_component>
      <object_component id="oc-93">
         <name>ECanbMOTORegsFile</name>
         <uninitialized>true</uninitialized>
         <run_address>0x62c0</run_address>
         <size>0x40</size>
         <input_file_ref idref="fl-7"/>
      </object_component>
      <object_component id="oc-82">
         <name>EPwm1RegsFile</name>
         <uninitialized>true</uninitialized>
         <run_address>0x6800</run_address>
         <size>0x22</size>
         <input_file_ref idref="fl-7"/>
      </object_component>
      <object_component id="oc-83">
         <name>EPwm2RegsFile</name>
         <uninitialized>true</uninitialized>
         <run_address>0x6840</run_address>
         <size>0x22</size>
         <input_file_ref idref="fl-7"/>
      </object_component>
      <object_component id="oc-84">
         <name>EPwm3RegsFile</name>
         <uninitialized>true</uninitialized>
         <run_address>0x6880</run_address>
         <size>0x22</size>
         <input_file_ref idref="fl-7"/>
      </object_component>
      <object_component id="oc-85">
         <name>EPwm4RegsFile</name>
         <uninitialized>true</uninitialized>
         <run_address>0x68c0</run_address>
         <size>0x22</size>
         <input_file_ref idref="fl-7"/>
      </object_component>
      <object_component id="oc-86">
         <name>EPwm5RegsFile</name>
         <uninitialized>true</uninitialized>
         <run_address>0x6900</run_address>
         <size>0x22</size>
         <input_file_ref idref="fl-7"/>
      </object_component>
      <object_component id="oc-87">
         <name>EPwm6RegsFile</name>
         <uninitialized>true</uninitialized>
         <run_address>0x6940</run_address>
         <size>0x22</size>
         <input_file_ref idref="fl-7"/>
      </object_component>
      <object_component id="oc-7a">
         <name>ECap1RegsFile</name>
         <uninitialized>true</uninitialized>
         <run_address>0x6a00</run_address>
         <size>0x20</size>
         <input_file_ref idref="fl-7"/>
      </object_component>
      <object_component id="oc-7b">
         <name>ECap2RegsFile</name>
         <uninitialized>true</uninitialized>
         <run_address>0x6a20</run_address>
         <size>0x20</size>
         <input_file_ref idref="fl-7"/>
      </object_component>
      <object_component id="oc-7c">
         <name>ECap3RegsFile</name>
         <uninitialized>true</uninitialized>
         <run_address>0x6a40</run_address>
         <size>0x20</size>
         <input_file_ref idref="fl-7"/>
      </object_component>
      <object_component id="oc-7d">
         <name>ECap4RegsFile</name>
         <uninitialized>true</uninitialized>
         <run_address>0x6a60</run_address>
         <size>0x20</size>
         <input_file_ref idref="fl-7"/>
      </object_component>
      <object_component id="oc-7e">
         <name>ECap5RegsFile</name>
         <uninitialized>true</uninitialized>
         <run_address>0x6a80</run_address>
         <size>0x20</size>
         <input_file_ref idref="fl-7"/>
      </object_component>
      <object_component id="oc-7f">
         <name>ECap6RegsFile</name>
         <uninitialized>true</uninitialized>
         <run_address>0x6aa0</run_address>
         <size>0x20</size>
         <input_file_ref idref="fl-7"/>
      </object_component>
      <object_component id="oc-94">
         <name>EQep1RegsFile</name>
         <uninitialized>true</uninitialized>
         <run_address>0x6b00</run_address>
         <size>0x40</size>
         <input_file_ref idref="fl-7"/>
      </object_component>
      <object_component id="oc-95">
         <name>EQep2RegsFile</name>
         <uninitialized>true</uninitialized>
         <run_address>0x6b40</run_address>
         <size>0x40</size>
         <input_file_ref idref="fl-7"/>
      </object_component>
      <object_component id="oc-8b">
         <name>GpioCtrlRegsFile</name>
         <uninitialized>true</uninitialized>
         <run_address>0x6f80</run_address>
         <size>0x2e</size>
         <input_file_ref idref="fl-7"/>
      </object_component>
      <object_component id="oc-80">
         <name>GpioDataRegsFile</name>
         <uninitialized>true</uninitialized>
         <run_address>0x6fc0</run_address>
         <size>0x20</size>
         <input_file_ref idref="fl-7"/>
      </object_component>
      <object_component id="oc-6f">
         <name>GpioIntRegsFile</name>
         <uninitialized>true</uninitialized>
         <run_address>0x6fe0</run_address>
         <size>0xa</size>
         <input_file_ref idref="fl-7"/>
      </object_component>
      <object_component id="oc-81">
         <name>SysCtrlRegsFile</name>
         <uninitialized>true</uninitialized>
         <run_address>0x7010</run_address>
         <size>0x20</size>
         <input_file_ref idref="fl-7"/>
      </object_component>
      <object_component id="oc-75">
         <name>SpiaRegsFile</name>
         <uninitialized>true</uninitialized>
         <run_address>0x7040</run_address>
         <size>0x10</size>
         <input_file_ref idref="fl-7"/>
      </object_component>
      <object_component id="oc-72">
         <name>SciaRegsFile</name>
         <uninitialized>true</uninitialized>
         <run_address>0x7050</run_address>
         <size>0x10</size>
         <input_file_ref idref="fl-7"/>
      </object_component>
      <object_component id="oc-76">
         <name>XIntruptRegsFile</name>
         <uninitialized>true</uninitialized>
         <run_address>0x7070</run_address>
         <size>0x10</size>
         <input_file_ref idref="fl-7"/>
      </object_component>
      <object_component id="oc-78">
         <name>AdcRegsFile</name>
         <uninitialized>true</uninitialized>
         <run_address>0x7100</run_address>
         <size>0x1e</size>
         <input_file_ref idref="fl-7"/>
      </object_component>
      <object_component id="oc-73">
         <name>ScibRegsFile</name>
         <uninitialized>true</uninitialized>
         <run_address>0x7750</run_address>
         <size>0x10</size>
         <input_file_ref idref="fl-7"/>
      </object_component>
      <object_component id="oc-74">
         <name>ScicRegsFile</name>
         <uninitialized>true</uninitialized>
         <run_address>0x7770</run_address>
         <size>0x10</size>
         <input_file_ref idref="fl-7"/>
      </object_component>
      <object_component id="oc-88">
         <name>I2caRegsFile</name>
         <uninitialized>true</uninitialized>
         <run_address>0x7900</run_address>
         <size>0x22</size>
         <input_file_ref idref="fl-7"/>
      </object_component>
      <object_component id="oc-6d">
         <name>CsmPwlFile</name>
         <uninitialized>true</uninitialized>
         <run_address>0x33fff8</run_address>
         <size>0x8</size>
         <input_file_ref idref="fl-7"/>
      </object_component>
      <object_component id="oc-69">
         <name>PartIdRegsFile</name>
         <uninitialized>true</uninitialized>
         <run_address>0x380090</run_address>
         <size>0x1</size>
         <input_file_ref idref="fl-7"/>
      </object_component>
      <object_component id="oc-4d">
         <name>.debug_line</name>
         <load_address>0x0</load_address>
         <run_address>0x0</run_address>
         <size>0x78</size>
         <input_file_ref idref="fl-2"/>
      </object_component>
      <object_component id="oc-53">
         <name>.debug_line</name>
         <load_address>0x78</load_address>
         <run_address>0x78</run_address>
         <size>0x80</size>
         <input_file_ref idref="fl-3"/>
      </object_component>
      <object_component id="oc-58">
         <name>.debug_line</name>
         <load_address>0xf8</load_address>
         <run_address>0xf8</run_address>
         <size>0x90</size>
         <input_file_ref idref="fl-4"/>
      </object_component>
      <object_component id="oc-5f">
         <name>.debug_line</name>
         <load_address>0x188</load_address>
         <run_address>0x188</run_address>
         <size>0x67</size>
         <input_file_ref idref="fl-5"/>
      </object_component>
      <object_component id="oc-65">
         <name>.debug_line</name>
         <load_address>0x1ef</load_address>
         <run_address>0x1ef</run_address>
         <size>0x77d</size>
         <input_file_ref idref="fl-6"/>
      </object_component>
      <object_component id="oc-9e">
         <name>.debug_line</name>
         <load_address>0x96c</load_address>
         <run_address>0x96c</run_address>
         <size>0xb5</size>
         <input_file_ref idref="fl-8"/>
      </object_component>
      <object_component id="oc-a3">
         <name>.debug_line</name>
         <load_address>0xa21</load_address>
         <run_address>0xa21</run_address>
         <size>0x97</size>
         <input_file_ref idref="fl-9"/>
      </object_component>
      <object_component id="oc-a8">
         <name>.debug_line</name>
         <load_address>0xab8</load_address>
         <run_address>0xab8</run_address>
         <size>0x174</size>
         <input_file_ref idref="fl-a"/>
      </object_component>
      <object_component id="oc-ac">
         <name>.debug_line</name>
         <load_address>0xc2c</load_address>
         <run_address>0xc2c</run_address>
         <size>0x77</size>
         <input_file_ref idref="fl-b"/>
      </object_component>
      <object_component id="oc-b6">
         <name>.debug_line</name>
         <load_address>0xca3</load_address>
         <run_address>0xca3</run_address>
         <size>0x325</size>
         <input_file_ref idref="fl-c"/>
      </object_component>
      <object_component id="oc-bb">
         <name>.debug_line</name>
         <load_address>0xfc8</load_address>
         <run_address>0xfc8</run_address>
         <size>0x57</size>
         <input_file_ref idref="fl-1d"/>
      </object_component>
      <object_component id="oc-c1">
         <name>.debug_line</name>
         <load_address>0x101f</load_address>
         <run_address>0x101f</run_address>
         <size>0xa2</size>
         <input_file_ref idref="fl-1e"/>
      </object_component>
      <object_component id="oc-c6">
         <name>.debug_line</name>
         <load_address>0x10c1</load_address>
         <run_address>0x10c1</run_address>
         <size>0x50</size>
         <input_file_ref idref="fl-1f"/>
      </object_component>
      <object_component id="oc-cb">
         <name>.debug_line</name>
         <load_address>0x1111</load_address>
         <run_address>0x1111</run_address>
         <size>0x60</size>
         <input_file_ref idref="fl-20"/>
      </object_component>
      <object_component id="oc-d1">
         <name>.debug_line</name>
         <load_address>0x1171</load_address>
         <run_address>0x1171</run_address>
         <size>0x7e</size>
         <input_file_ref idref="fl-21"/>
      </object_component>
      <object_component id="oc-d6">
         <name>.debug_line</name>
         <load_address>0x11ef</load_address>
         <run_address>0x11ef</run_address>
         <size>0xad</size>
         <input_file_ref idref="fl-22"/>
      </object_component>
      <object_component id="oc-db">
         <name>.debug_line</name>
         <load_address>0x129c</load_address>
         <run_address>0x129c</run_address>
         <size>0x50</size>
         <input_file_ref idref="fl-23"/>
      </object_component>
      <object_component id="oc-e0">
         <name>.debug_line</name>
         <load_address>0x12ec</load_address>
         <run_address>0x12ec</run_address>
         <size>0x62</size>
         <input_file_ref idref="fl-24"/>
      </object_component>
      <object_component id="oc-e5">
         <name>.debug_line</name>
         <load_address>0x134e</load_address>
         <run_address>0x134e</run_address>
         <size>0x3e</size>
         <input_file_ref idref="fl-25"/>
      </object_component>
      <object_component id="oc-ea">
         <name>.debug_line</name>
         <load_address>0x138c</load_address>
         <run_address>0x138c</run_address>
         <size>0x3a</size>
         <input_file_ref idref="fl-26"/>
      </object_component>
      <object_component id="oc-f1">
         <name>.debug_line</name>
         <load_address>0x13c6</load_address>
         <run_address>0x13c6</run_address>
         <size>0x65</size>
         <input_file_ref idref="fl-27"/>
      </object_component>
      <object_component id="oc-f6">
         <name>.debug_line</name>
         <load_address>0x142b</load_address>
         <run_address>0x142b</run_address>
         <size>0x5e</size>
         <input_file_ref idref="fl-28"/>
      </object_component>
      <object_component id="oc-fb">
         <name>.debug_line</name>
         <load_address>0x1489</load_address>
         <run_address>0x1489</run_address>
         <size>0x55</size>
         <input_file_ref idref="fl-29"/>
      </object_component>
      <object_component id="oc-4e">
         <name>.debug_info</name>
         <load_address>0x0</load_address>
         <run_address>0x0</run_address>
         <size>0x152</size>
         <input_file_ref idref="fl-2"/>
      </object_component>
      <object_component id="oc-51">
         <name>.debug_info</name>
         <load_address>0x152</load_address>
         <run_address>0x152</run_address>
         <size>0x1f5d</size>
         <input_file_ref idref="fl-3"/>
      </object_component>
      <object_component id="oc-59">
         <name>.debug_info</name>
         <load_address>0x20af</load_address>
         <run_address>0x20af</run_address>
         <size>0x1b8</size>
         <input_file_ref idref="fl-4"/>
      </object_component>
      <object_component id="oc-5c">
         <name>.debug_info</name>
         <load_address>0x2267</load_address>
         <run_address>0x2267</run_address>
         <size>0x82d</size>
         <input_file_ref idref="fl-5"/>
      </object_component>
      <object_component id="oc-62">
         <name>.debug_info</name>
         <load_address>0x2a94</load_address>
         <run_address>0x2a94</run_address>
         <size>0x3cfa</size>
         <input_file_ref idref="fl-6"/>
      </object_component>
      <object_component id="oc-68">
         <name>.debug_info</name>
         <load_address>0x678e</load_address>
         <run_address>0x678e</run_address>
         <size>0x133d0</size>
         <input_file_ref idref="fl-7"/>
      </object_component>
      <object_component id="oc-9c">
         <name>.debug_info</name>
         <load_address>0x19b5e</load_address>
         <run_address>0x19b5e</run_address>
         <size>0xbf1</size>
         <input_file_ref idref="fl-8"/>
      </object_component>
      <object_component id="oc-a1">
         <name>.debug_info</name>
         <load_address>0x1a74f</load_address>
         <run_address>0x1a74f</run_address>
         <size>0x2305</size>
         <input_file_ref idref="fl-9"/>
      </object_component>
      <object_component id="oc-a6">
         <name>.debug_info</name>
         <load_address>0x1ca54</load_address>
         <run_address>0x1ca54</run_address>
         <size>0x2282</size>
         <input_file_ref idref="fl-a"/>
      </object_component>
      <object_component id="oc-ad">
         <name>.debug_info</name>
         <load_address>0x1ecd6</load_address>
         <run_address>0x1ecd6</run_address>
         <size>0x152</size>
         <input_file_ref idref="fl-b"/>
      </object_component>
      <object_component id="oc-b0">
         <name>.debug_info</name>
         <load_address>0x1ee28</load_address>
         <run_address>0x1ee28</run_address>
         <size>0x79a8</size>
         <input_file_ref idref="fl-c"/>
      </object_component>
      <object_component id="oc-b9">
         <name>.debug_info</name>
         <load_address>0x267d0</load_address>
         <run_address>0x267d0</run_address>
         <size>0x3d1</size>
         <input_file_ref idref="fl-1d"/>
      </object_component>
      <object_component id="oc-be">
         <name>.debug_info</name>
         <load_address>0x26ba1</load_address>
         <run_address>0x26ba1</run_address>
         <size>0x4d5</size>
         <input_file_ref idref="fl-1e"/>
      </object_component>
      <object_component id="oc-c4">
         <name>.debug_info</name>
         <load_address>0x27076</load_address>
         <run_address>0x27076</run_address>
         <size>0x3c5</size>
         <input_file_ref idref="fl-1f"/>
      </object_component>
      <object_component id="oc-c9">
         <name>.debug_info</name>
         <load_address>0x2743b</load_address>
         <run_address>0x2743b</run_address>
         <size>0x3d7</size>
         <input_file_ref idref="fl-20"/>
      </object_component>
      <object_component id="oc-d0">
         <name>.debug_info</name>
         <load_address>0x27812</load_address>
         <run_address>0x27812</run_address>
         <size>0x177</size>
         <input_file_ref idref="fl-21"/>
      </object_component>
      <object_component id="oc-d5">
         <name>.debug_info</name>
         <load_address>0x27989</load_address>
         <run_address>0x27989</run_address>
         <size>0x118</size>
         <input_file_ref idref="fl-22"/>
      </object_component>
      <object_component id="oc-d9">
         <name>.debug_info</name>
         <load_address>0x27aa1</load_address>
         <run_address>0x27aa1</run_address>
         <size>0x535</size>
         <input_file_ref idref="fl-23"/>
      </object_component>
      <object_component id="oc-de">
         <name>.debug_info</name>
         <load_address>0x27fd6</load_address>
         <run_address>0x27fd6</run_address>
         <size>0x430</size>
         <input_file_ref idref="fl-24"/>
      </object_component>
      <object_component id="oc-e3">
         <name>.debug_info</name>
         <load_address>0x28406</load_address>
         <run_address>0x28406</run_address>
         <size>0x3a3</size>
         <input_file_ref idref="fl-25"/>
      </object_component>
      <object_component id="oc-e8">
         <name>.debug_info</name>
         <load_address>0x287a9</load_address>
         <run_address>0x287a9</run_address>
         <size>0x3a0</size>
         <input_file_ref idref="fl-26"/>
      </object_component>
      <object_component id="oc-ed">
         <name>.debug_info</name>
         <load_address>0x28b49</load_address>
         <run_address>0x28b49</run_address>
         <size>0x53a</size>
         <input_file_ref idref="fl-27"/>
      </object_component>
      <object_component id="oc-f4">
         <name>.debug_info</name>
         <load_address>0x29083</load_address>
         <run_address>0x29083</run_address>
         <size>0x4c2</size>
         <input_file_ref idref="fl-28"/>
      </object_component>
      <object_component id="oc-f9">
         <name>.debug_info</name>
         <load_address>0x29545</load_address>
         <run_address>0x29545</run_address>
         <size>0x45d</size>
         <input_file_ref idref="fl-29"/>
      </object_component>
      <object_component id="oc-fe">
         <name>.debug_info</name>
         <load_address>0x299a2</load_address>
         <run_address>0x299a2</run_address>
         <size>0x1ca</size>
         <input_file_ref idref="fl-2a"/>
      </object_component>
      <object_component id="oc-1bd">
         <name>.debug_info</name>
         <load_address>0x29b6c</load_address>
         <run_address>0x29b6c</run_address>
         <size>0xad</size>
      </object_component>
      <object_component id="oc-4f">
         <name>.debug_abbrev</name>
         <load_address>0x0</load_address>
         <run_address>0x0</run_address>
         <size>0x2f</size>
         <input_file_ref idref="fl-2"/>
      </object_component>
      <object_component id="oc-54">
         <name>.debug_abbrev</name>
         <load_address>0x2f</load_address>
         <run_address>0x2f</run_address>
         <size>0x10f</size>
         <input_file_ref idref="fl-3"/>
      </object_component>
      <object_component id="oc-5a">
         <name>.debug_abbrev</name>
         <load_address>0x13e</load_address>
         <run_address>0x13e</run_address>
         <size>0x21</size>
         <input_file_ref idref="fl-4"/>
      </object_component>
      <object_component id="oc-60">
         <name>.debug_abbrev</name>
         <load_address>0x15f</load_address>
         <run_address>0x15f</run_address>
         <size>0xfd</size>
         <input_file_ref idref="fl-5"/>
      </object_component>
      <object_component id="oc-66">
         <name>.debug_abbrev</name>
         <load_address>0x25c</load_address>
         <run_address>0x25c</run_address>
         <size>0xa8</size>
         <input_file_ref idref="fl-6"/>
      </object_component>
      <object_component id="oc-9b">
         <name>.debug_abbrev</name>
         <load_address>0x304</load_address>
         <run_address>0x304</run_address>
         <size>0xb7</size>
         <input_file_ref idref="fl-7"/>
      </object_component>
      <object_component id="oc-9f">
         <name>.debug_abbrev</name>
         <load_address>0x3bb</load_address>
         <run_address>0x3bb</run_address>
         <size>0xc8</size>
         <input_file_ref idref="fl-8"/>
      </object_component>
      <object_component id="oc-a4">
         <name>.debug_abbrev</name>
         <load_address>0x483</load_address>
         <run_address>0x483</run_address>
         <size>0x116</size>
         <input_file_ref idref="fl-9"/>
      </object_component>
      <object_component id="oc-a9">
         <name>.debug_abbrev</name>
         <load_address>0x599</load_address>
         <run_address>0x599</run_address>
         <size>0x17b</size>
         <input_file_ref idref="fl-a"/>
      </object_component>
      <object_component id="oc-ae">
         <name>.debug_abbrev</name>
         <load_address>0x714</load_address>
         <run_address>0x714</run_address>
         <size>0x2f</size>
         <input_file_ref idref="fl-b"/>
      </object_component>
      <object_component id="oc-b7">
         <name>.debug_abbrev</name>
         <load_address>0x743</load_address>
         <run_address>0x743</run_address>
         <size>0x1b0</size>
         <input_file_ref idref="fl-c"/>
      </object_component>
      <object_component id="oc-bc">
         <name>.debug_abbrev</name>
         <load_address>0x8f3</load_address>
         <run_address>0x8f3</run_address>
         <size>0xa4</size>
         <input_file_ref idref="fl-1d"/>
      </object_component>
      <object_component id="oc-c2">
         <name>.debug_abbrev</name>
         <load_address>0x997</load_address>
         <run_address>0x997</run_address>
         <size>0xc1</size>
         <input_file_ref idref="fl-1e"/>
      </object_component>
      <object_component id="oc-c7">
         <name>.debug_abbrev</name>
         <load_address>0xa58</load_address>
         <run_address>0xa58</run_address>
         <size>0x84</size>
         <input_file_ref idref="fl-1f"/>
      </object_component>
      <object_component id="oc-cc">
         <name>.debug_abbrev</name>
         <load_address>0xadc</load_address>
         <run_address>0xadc</run_address>
         <size>0x84</size>
         <input_file_ref idref="fl-20"/>
      </object_component>
      <object_component id="oc-d2">
         <name>.debug_abbrev</name>
         <load_address>0xb60</load_address>
         <run_address>0xb60</run_address>
         <size>0x46</size>
         <input_file_ref idref="fl-21"/>
      </object_component>
      <object_component id="oc-d7">
         <name>.debug_abbrev</name>
         <load_address>0xba6</load_address>
         <run_address>0xba6</run_address>
         <size>0x38</size>
         <input_file_ref idref="fl-22"/>
      </object_component>
      <object_component id="oc-dc">
         <name>.debug_abbrev</name>
         <load_address>0xbde</load_address>
         <run_address>0xbde</run_address>
         <size>0xe3</size>
         <input_file_ref idref="fl-23"/>
      </object_component>
      <object_component id="oc-e1">
         <name>.debug_abbrev</name>
         <load_address>0xcc1</load_address>
         <run_address>0xcc1</run_address>
         <size>0xa8</size>
         <input_file_ref idref="fl-24"/>
      </object_component>
      <object_component id="oc-e6">
         <name>.debug_abbrev</name>
         <load_address>0xd69</load_address>
         <run_address>0xd69</run_address>
         <size>0x68</size>
         <input_file_ref idref="fl-25"/>
      </object_component>
      <object_component id="oc-eb">
         <name>.debug_abbrev</name>
         <load_address>0xdd1</load_address>
         <run_address>0xdd1</run_address>
         <size>0x66</size>
         <input_file_ref idref="fl-26"/>
      </object_component>
      <object_component id="oc-f2">
         <name>.debug_abbrev</name>
         <load_address>0xe37</load_address>
         <run_address>0xe37</run_address>
         <size>0x130</size>
         <input_file_ref idref="fl-27"/>
      </object_component>
      <object_component id="oc-f7">
         <name>.debug_abbrev</name>
         <load_address>0xf67</load_address>
         <run_address>0xf67</run_address>
         <size>0xb2</size>
         <input_file_ref idref="fl-28"/>
      </object_component>
      <object_component id="oc-fc">
         <name>.debug_abbrev</name>
         <load_address>0x1019</load_address>
         <run_address>0x1019</run_address>
         <size>0xee</size>
         <input_file_ref idref="fl-29"/>
      </object_component>
      <object_component id="oc-101">
         <name>.debug_abbrev</name>
         <load_address>0x1107</load_address>
         <run_address>0x1107</run_address>
         <size>0x31</size>
         <input_file_ref idref="fl-2a"/>
      </object_component>
      <object_component id="oc-1be">
         <name>.debug_abbrev</name>
         <load_address>0x1138</load_address>
         <run_address>0x1138</run_address>
         <size>0xf</size>
      </object_component>
      <object_component id="oc-50">
         <name>.debug_aranges</name>
         <load_address>0x0</load_address>
         <run_address>0x0</run_address>
         <size>0x20</size>
         <input_file_ref idref="fl-2"/>
      </object_component>
      <object_component id="oc-55">
         <name>.debug_aranges</name>
         <load_address>0x20</load_address>
         <run_address>0x20</run_address>
         <size>0x20</size>
         <input_file_ref idref="fl-3"/>
      </object_component>
      <object_component id="oc-5b">
         <name>.debug_aranges</name>
         <load_address>0x40</load_address>
         <run_address>0x40</run_address>
         <size>0x28</size>
         <input_file_ref idref="fl-4"/>
      </object_component>
      <object_component id="oc-61">
         <name>.debug_aranges</name>
         <load_address>0x68</load_address>
         <run_address>0x68</run_address>
         <size>0x18</size>
         <input_file_ref idref="fl-5"/>
      </object_component>
      <object_component id="oc-67">
         <name>.debug_aranges</name>
         <load_address>0x80</load_address>
         <run_address>0x80</run_address>
         <size>0x290</size>
         <input_file_ref idref="fl-6"/>
      </object_component>
      <object_component id="oc-a0">
         <name>.debug_aranges</name>
         <load_address>0x310</load_address>
         <run_address>0x310</run_address>
         <size>0x28</size>
         <input_file_ref idref="fl-8"/>
      </object_component>
      <object_component id="oc-a5">
         <name>.debug_aranges</name>
         <load_address>0x338</load_address>
         <run_address>0x338</run_address>
         <size>0x20</size>
         <input_file_ref idref="fl-9"/>
      </object_component>
      <object_component id="oc-aa">
         <name>.debug_aranges</name>
         <load_address>0x358</load_address>
         <run_address>0x358</run_address>
         <size>0x48</size>
         <input_file_ref idref="fl-a"/>
      </object_component>
      <object_component id="oc-af">
         <name>.debug_aranges</name>
         <load_address>0x3a0</load_address>
         <run_address>0x3a0</run_address>
         <size>0x20</size>
         <input_file_ref idref="fl-b"/>
      </object_component>
      <object_component id="oc-b8">
         <name>.debug_aranges</name>
         <load_address>0x3c0</load_address>
         <run_address>0x3c0</run_address>
         <size>0x60</size>
         <input_file_ref idref="fl-c"/>
      </object_component>
      <object_component id="oc-bd">
         <name>.debug_aranges</name>
         <load_address>0x420</load_address>
         <run_address>0x420</run_address>
         <size>0x20</size>
         <input_file_ref idref="fl-1d"/>
      </object_component>
      <object_component id="oc-c3">
         <name>.debug_aranges</name>
         <load_address>0x440</load_address>
         <run_address>0x440</run_address>
         <size>0x20</size>
         <input_file_ref idref="fl-1e"/>
      </object_component>
      <object_component id="oc-c8">
         <name>.debug_aranges</name>
         <load_address>0x460</load_address>
         <run_address>0x460</run_address>
         <size>0x20</size>
         <input_file_ref idref="fl-1f"/>
      </object_component>
      <object_component id="oc-cd">
         <name>.debug_aranges</name>
         <load_address>0x480</load_address>
         <run_address>0x480</run_address>
         <size>0x20</size>
         <input_file_ref idref="fl-20"/>
      </object_component>
      <object_component id="oc-d3">
         <name>.debug_aranges</name>
         <load_address>0x4a0</load_address>
         <run_address>0x4a0</run_address>
         <size>0x20</size>
         <input_file_ref idref="fl-21"/>
      </object_component>
      <object_component id="oc-d8">
         <name>.debug_aranges</name>
         <load_address>0x4c0</load_address>
         <run_address>0x4c0</run_address>
         <size>0x20</size>
         <input_file_ref idref="fl-22"/>
      </object_component>
      <object_component id="oc-dd">
         <name>.debug_aranges</name>
         <load_address>0x4e0</load_address>
         <run_address>0x4e0</run_address>
         <size>0x20</size>
         <input_file_ref idref="fl-23"/>
      </object_component>
      <object_component id="oc-e2">
         <name>.debug_aranges</name>
         <load_address>0x500</load_address>
         <run_address>0x500</run_address>
         <size>0x20</size>
         <input_file_ref idref="fl-24"/>
      </object_component>
      <object_component id="oc-e7">
         <name>.debug_aranges</name>
         <load_address>0x520</load_address>
         <run_address>0x520</run_address>
         <size>0x20</size>
         <input_file_ref idref="fl-25"/>
      </object_component>
      <object_component id="oc-ec">
         <name>.debug_aranges</name>
         <load_address>0x540</load_address>
         <run_address>0x540</run_address>
         <size>0x20</size>
         <input_file_ref idref="fl-26"/>
      </object_component>
      <object_component id="oc-f3">
         <name>.debug_aranges</name>
         <load_address>0x560</load_address>
         <run_address>0x560</run_address>
         <size>0x28</size>
         <input_file_ref idref="fl-27"/>
      </object_component>
      <object_component id="oc-f8">
         <name>.debug_aranges</name>
         <load_address>0x588</load_address>
         <run_address>0x588</run_address>
         <size>0x30</size>
         <input_file_ref idref="fl-28"/>
      </object_component>
      <object_component id="oc-fd">
         <name>.debug_aranges</name>
         <load_address>0x5b8</load_address>
         <run_address>0x5b8</run_address>
         <size>0x20</size>
         <input_file_ref idref="fl-29"/>
      </object_component>
      <object_component id="oc-52">
         <name>.debug_frame</name>
         <load_address>0x0</load_address>
         <run_address>0x0</run_address>
         <size>0x40</size>
         <input_file_ref idref="fl-3"/>
      </object_component>
      <object_component id="oc-5e">
         <name>.debug_frame</name>
         <load_address>0x40</load_address>
         <run_address>0x40</run_address>
         <size>0x28</size>
         <input_file_ref idref="fl-5"/>
      </object_component>
      <object_component id="oc-64">
         <name>.debug_frame</name>
         <load_address>0x68</load_address>
         <run_address>0x68</run_address>
         <size>0xa08</size>
         <input_file_ref idref="fl-6"/>
      </object_component>
      <object_component id="oc-9d">
         <name>.debug_frame</name>
         <load_address>0xa70</load_address>
         <run_address>0xa70</run_address>
         <size>0x58</size>
         <input_file_ref idref="fl-8"/>
      </object_component>
      <object_component id="oc-a2">
         <name>.debug_frame</name>
         <load_address>0xac8</load_address>
         <run_address>0xac8</run_address>
         <size>0x44</size>
         <input_file_ref idref="fl-9"/>
      </object_component>
      <object_component id="oc-a7">
         <name>.debug_frame</name>
         <load_address>0xb0c</load_address>
         <run_address>0xb0c</run_address>
         <size>0xc0</size>
         <input_file_ref idref="fl-a"/>
      </object_component>
      <object_component id="oc-b5">
         <name>.debug_frame</name>
         <load_address>0xbcc</load_address>
         <run_address>0xbcc</run_address>
         <size>0x1d0</size>
         <input_file_ref idref="fl-c"/>
      </object_component>
      <object_component id="oc-ba">
         <name>.debug_frame</name>
         <load_address>0xd9c</load_address>
         <run_address>0xd9c</run_address>
         <size>0x44</size>
         <input_file_ref idref="fl-1d"/>
      </object_component>
      <object_component id="oc-c0">
         <name>.debug_frame</name>
         <load_address>0xde0</load_address>
         <run_address>0xde0</run_address>
         <size>0x6c</size>
         <input_file_ref idref="fl-1e"/>
      </object_component>
      <object_component id="oc-c5">
         <name>.debug_frame</name>
         <load_address>0xe4c</load_address>
         <run_address>0xe4c</run_address>
         <size>0x44</size>
         <input_file_ref idref="fl-1f"/>
      </object_component>
      <object_component id="oc-ca">
         <name>.debug_frame</name>
         <load_address>0xe90</load_address>
         <run_address>0xe90</run_address>
         <size>0x44</size>
         <input_file_ref idref="fl-20"/>
      </object_component>
      <object_component id="oc-da">
         <name>.debug_frame</name>
         <load_address>0xed4</load_address>
         <run_address>0xed4</run_address>
         <size>0x60</size>
         <input_file_ref idref="fl-23"/>
      </object_component>
      <object_component id="oc-df">
         <name>.debug_frame</name>
         <load_address>0xf34</load_address>
         <run_address>0xf34</run_address>
         <size>0x40</size>
         <input_file_ref idref="fl-24"/>
      </object_component>
      <object_component id="oc-e4">
         <name>.debug_frame</name>
         <load_address>0xf74</load_address>
         <run_address>0xf74</run_address>
         <size>0x40</size>
         <input_file_ref idref="fl-25"/>
      </object_component>
      <object_component id="oc-e9">
         <name>.debug_frame</name>
         <load_address>0xfb4</load_address>
         <run_address>0xfb4</run_address>
         <size>0x40</size>
         <input_file_ref idref="fl-26"/>
      </object_component>
      <object_component id="oc-f0">
         <name>.debug_frame</name>
         <load_address>0xff4</load_address>
         <run_address>0xff4</run_address>
         <size>0x60</size>
         <input_file_ref idref="fl-27"/>
      </object_component>
      <object_component id="oc-f5">
         <name>.debug_frame</name>
         <load_address>0x1054</load_address>
         <run_address>0x1054</run_address>
         <size>0x70</size>
         <input_file_ref idref="fl-28"/>
      </object_component>
      <object_component id="oc-fa">
         <name>.debug_frame</name>
         <load_address>0x10c4</load_address>
         <run_address>0x10c4</run_address>
         <size>0x40</size>
         <input_file_ref idref="fl-29"/>
      </object_component>
      <object_component id="oc-ab">
         <name>ramfuncs</name>
         <load_address>0x50</load_address>
         <run_address>0x50</run_address>
         <size>0x4</size>
         <input_file_ref idref="fl-b"/>
      </object_component>
   </object_component_list>
   <logical_group_list>
      <logical_group id="lg-2" display="no" color="cyan">
         <name>codestart</name>
         <load_address>0x0</load_address>
         <run_address>0x0</run_address>
         <size>0x2</size>
         <contents>
            <object_component_ref idref="oc-57"/>
         </contents>
      </logical_group>
      <logical_group id="lg-3" display="no" color="cyan">
         <name>.TI.ramfunc</name>
         <run_address>0x0</run_address>
         <size>0x0</size>
         <contents>
         </contents>
      </logical_group>
      <logical_group id="lg-4" display="no" color="cyan">
         <name>.text</name>
         <load_address>0x9000</load_address>
         <run_address>0x9000</run_address>
         <size>0x111f</size>
         <contents>
            <object_component_ref idref="oc-b4"/>
            <object_component_ref idref="oc-117"/>
            <object_component_ref idref="oc-63"/>
            <object_component_ref idref="oc-14a"/>
            <object_component_ref idref="oc-15e"/>
            <object_component_ref idref="oc-d4"/>
            <object_component_ref idref="oc-120"/>
            <object_component_ref idref="oc-121"/>
            <object_component_ref idref="oc-4b"/>
            <object_component_ref idref="oc-106"/>
            <object_component_ref idref="oc-14b"/>
            <object_component_ref idref="oc-12e"/>
            <object_component_ref idref="oc-103"/>
            <object_component_ref idref="oc-14c"/>
            <object_component_ref idref="oc-147"/>
            <object_component_ref idref="oc-105"/>
            <object_component_ref idref="oc-14d"/>
            <object_component_ref idref="oc-15f"/>
            <object_component_ref idref="oc-56"/>
            <object_component_ref idref="oc-102"/>
[...]
      </symbol>
      <symbol id="sm-243">
         <name>_InitPieVectTable</name>
         <value>0xa0a1</value>
         <object_component_ref idref="oc-14c"/>
      </symbol>
      <symbol id="sm-258">
         <name>_InitPll</name>
         <value>0x9cc4</value>
         <object_component_ref idref="oc-14a"/>
      </symbol>
      <symbol id="sm-259">
         <name>_DisableDog</name>
         <value>0x9cbc</value>
         <object_component_ref idref="oc-14a"/>
      </symbol>
      <symbol id="sm-25a">
         <name>_InitPeripheralClocks</name>
         <value>0x9d15</value>
         <object_component_ref idref="oc-14a"/>
      </symbol>
      <symbol id="sm-25b">
         <name>_CsmUnlock</name>
         <value>0x9d70</value>
         <object_component_ref idref="oc-14a"/>
      </symbol>
      <symbol id="sm-25c">
         <name>_ServiceDog</name>
         <value>0x9cb2</value>
         <object_component_ref idref="oc-14a"/>
      </symbol>
      <symbol id="sm-25d">
         <name>_InitSysCtrl</name>
         <value>0x9ca9</value>
         <object_component_ref idref="oc-14a"/>
      </symbol>
      <symbol id="sm-269">
         <name>_DSP28x_usDelay</name>
         <value>0x50</value>
         <object_component_ref idref="oc-ab"/>
      </symbol>
      <symbol id="sm-351">
         <name>_Tensao_A</name>
         <value>0xc0a0</value>
         <object_component_ref idref="oc-10f"/>
      </symbol>
      <symbol id="sm-352">
         <name>_Tensao_B</name>
         <value>0xc0c0</value>
         <object_component_ref idref="oc-111"/>
      </symbol>
      <symbol id="sm-353">
         <name>_Tensao_C</name>
         <value>0xc0e0</value>
         <object_component_ref idref="oc-113"/>
      </symbol>
      <symbol id="sm-354">
         <name>_AD_output1</name>
         <value>0xc000</value>
         <object_component_ref idref="oc-b2"/>
      </symbol>
      <symbol id="sm-355">
         <name>_KV_PCI</name>
         <value>0xd10a</value>
         <object_component_ref idref="oc-b3"/>
      </symbol>
      <symbol id="sm-356">
         <name>_AD_output2</name>
         <value>0xc001</value>
         <object_component_ref idref="oc-b2"/>
      </symbol>
      <symbol id="sm-357">
         <name>_AD_output3</name>
         <value>0xc002</value>
         <object_component_ref idref="oc-b2"/>
      </symbol>
      <symbol id="sm-358">
         <name>_AD_output4</name>
         <value>0xc003</value>
         <object_component_ref idref="oc-b2"/>
      </symbol>
      <symbol id="sm-359">
         <name>_AD_output5</name>
         <value>0xc004</value>
         <object_component_ref idref="oc-b2"/>
      </symbol>
      <symbol id="sm-35a">
         <name>_AD_output6</name>
         <value>0xc005</value>
         <object_component_ref idref="oc-b2"/>
      </symbol>
      <symbol id="sm-35b">
         <name>_AD_output7</name>
         <value>0xc006</value>
         <object_component_ref idref="oc-b2"/>
      </symbol>
      <symbol id="sm-35c">
         <name>_main</name>
         <value>0x95a3</value>
         <object_component_ref idref="oc-117"/>
      </symbol>
      <symbol id="sm-35d">
         <name>_adc_isr</name>
         <value>0x905c</value>
         <object_component_ref idref="oc-b4"/>
      </symbol>
      <symbol id="sm-35e">
         <name>_V_CAPF</name>
         <value>0xc184</value>
         <object_component_ref idref="oc-11a"/>
      </symbol>
      <symbol id="sm-35f">
         <name>_Q_med</name>
         <value>0xc178</value>
         <object_component_ref idref="oc-131"/>
      </symbol>
      <symbol id="sm-360">
         <name>_Freq_Rede</name>
         <value>0xc018</value>
         <object_component_ref idref="oc-b2"/>
      </symbol>
      <symbol id="sm-361">
         <name>_DSOGI_FLL</name>
         <value>0x964e</value>
         <object_component_ref idref="oc-117"/>
      </symbol>
      <symbol id="sm-362">
         <name>_Freq_in</name>
         <value>0xc016</value>
         <object_component_ref idref="oc-b2"/>
      </symbol>
      <symbol id="sm-363">
         <name>_Teta</name>
         <value>0xc01a</value>
         <object_component_ref idref="oc-b2"/>
      </symbol>
      <symbol id="sm-364">
         <name>_Iq_ref</name>
         <value>0xc164</value>
         <object_component_ref idref="oc-13d"/>
      </symbol>
      <symbol id="sm-365">
         <name>_Erro_P</name>
         <value>0xc138</value>
         <object_component_ref idref="oc-137"/>
      </symbol>
      <symbol id="sm-366">
         <name>_Erro_Q</name>
         <value>0xc13c</value>
         <object_component_ref idref="oc-139"/>
      </symbol>
      <symbol id="sm-367">
         <name>_Status</name>
         <value>0xc008</value>
         <object_component_ref idref="oc-b2"/>
      </symbol>
      <symbol id="sm-368">
         <name>_V_beta_int</name>
         <value>0xc194</value>
         <object_component_ref idref="oc-156"/>
      </symbol>
      <symbol id="sm-369">
         <name>_Data_Estimation</name>
         <value>0x9875</value>
         <object_component_ref idref="oc-117"/>
      </symbol>
      <symbol id="sm-36a">
         <name>_Erro_id</name>
         <value>0xc140</value>
         <object_component_ref idref="oc-13f"/>
      </symbol>
      <symbol id="sm-36b">
         <name>_Erro_iq</name>
         <value>0xc144</value>
         <object_component_ref idref="oc-143"/>
      </symbol>
      <symbol id="sm-36c">
         <name>_Vcc</name>
         <value>0xc100</value>
         <object_component_ref idref="oc-115"/>
      </symbol>
      <symbol id="sm-36d">
         <name>_PI</name>
         <value>0xd100</value>
         <object_component_ref idref="oc-b3"/>
      </symbol>
      <symbol id="sm-36e">
         <name>_Gpio_select</name>
         <value>0x961e</value>
         <object_component_ref idref="oc-117"/>
      </symbol>
      <symbol id="sm-36f">
         <name>_InvFaseC</name>
         <value>0xc02c</value>
         <object_component_ref idref="oc-b2"/>
      </symbol>
      <symbol id="sm-370">
         <name>_InvFaseB</name>
         <value>0xc02a</value>
         <object_component_ref idref="oc-b2"/>
      </symbol>
      <symbol id="sm-371">
         <name>_InvFaseA</name>
         <value>0xc028</value>
         <object_component_ref idref="oc-b2"/>
      </symbol>
      <symbol id="sm-372">
         <name>_Iq_med</name>
         <value>0xc15c</value>
         <object_component_ref idref="oc-124"/>
      </symbol>
      <symbol id="sm-373">
         <name>_cpu_timer0_isr</name>
         <value>0x9000</value>
         <object_component_ref idref="oc-b4"/>
      </symbol>
      <symbol id="sm-374">
         <name>_Kad</name>
         <value>0xd10e</value>
         <object_component_ref idref="oc-b3"/>
      </symbol>
      <symbol id="sm-375">
         <name>_Vq_med</name>
         <value>0xc1a8</value>
         <object_component_ref idref="oc-11e"/>
      </symbol>
      <symbol id="sm-376">
         <name>_L_Filt</name>
         <value>0xd114</value>
         <object_component_ref idref="oc-b3"/>
      </symbol>
      <symbol id="sm-377">
         <name>_Id_pu</name>
         <value>0xc020</value>
         <object_component_ref idref="oc-b2"/>
      </symbol>
      <symbol id="sm-378">
         <name>_Setup_ePWM</name>
         <value>0x98ac</value>
         <object_component_ref idref="oc-117"/>
      </symbol>
      <symbol id="sm-379">
         <name>_V_A</name>
         <value>0xc00a</value>
         <object_component_ref idref="oc-b2"/>
      </symbol>
      <symbol id="sm-37a">
         <name>_Iq_medf</name>
         <value>0xc160</value>
         <object_component_ref idref="oc-12c"/>
      </symbol>
      <symbol id="sm-37b">
         <name>_L_pu</name>
         <value>0xd116</value>
         <object_component_ref idref="oc-b3"/>
      </symbol>
      <symbol id="sm-37c">
         <name>_KI_PCI</name>
         <value>0xd10c</value>
         <object_component_ref idref="oc-b3"/>
      </symbol>
      <symbol id="sm-37d">
         <name>_Eq_inv</name>
         <value>0xc026</value>
         <object_component_ref idref="oc-b2"/>
      </symbol>
      <symbol id="sm-37e">
         <name>_K6</name>
         <value>0xd122</value>
         <object_component_ref idref="oc-b3"/>
      </symbol>
      <symbol id="sm-37f">
         <name>_K5</name>
         <value>0xd120</value>
         <object_component_ref idref="oc-b3"/>
      </symbol>
      <symbol id="sm-380">
         <name>_K4</name>
         <value>0xd11e</value>
         <object_component_ref idref="oc-b3"/>
      </symbol>
      <symbol id="sm-381">
         <name>_K3</name>
         <value>0xd11c</value>
         <object_component_ref idref="oc-b3"/>
      </symbol>
      <symbol id="sm-382">
         <name>_K2</name>
         <value>0xd11a</value>
         <object_component_ref idref="oc-b3"/>
      </symbol>
      <symbol id="sm-383">
         <name>_K1</name>
         <value>0xd118</value>
         <object_component_ref idref="oc-b3"/>
      </symbol>
      <symbol id="sm-384">
         <name>_Id_medf</name>
         <value>0xc154</value>
         <object_component_ref idref="oc-12a"/>
      </symbol>
      <symbol id="sm-385">
         <name>_Q_medf</name>
         <value>0xc17c</value>
         <object_component_ref idref="oc-135"/>
      </symbol>
      <symbol id="sm-386">
         <name>_P_medf</name>
         <value>0xc16c</value>
         <object_component_ref idref="oc-133"/>
      </symbol>
      <symbol id="sm-387">
         <name>_FLL_int</name>
         <value>0xc14c</value>
         <object_component_ref idref="oc-15a"/>
      </symbol>
      <symbol id="sm-388">
         <name>_Id_ref</name>
         <value>0xc158</value>
         <object_component_ref idref="oc-13b"/>
      </symbol>
      <symbol id="sm-389">
         <name>_Corrente_A</name>
         <value>0xc040</value>
         <object_component_ref idref="oc-109"/>
      </symbol>
      <symbol id="sm-38a">
         <name>_Corrente_B</name>
         <value>0xc060</value>
         <object_component_ref idref="oc-10b"/>
      </symbol>
      <symbol id="sm-38b">
         <name>_Corrente_C</name>
         <value>0xc080</value>
         <object_component_ref idref="oc-10d"/>
      </symbol>
      <symbol id="sm-38c">
         <name>_Change_ePWM</name>
         <value>0x993d</value>
         <object_component_ref idref="oc-117"/>
      </symbol>
      <symbol id="sm-38d">
         <name>_I_base</name>
         <value>0xd106</value>
         <object_component_ref idref="oc-b3"/>
      </symbol>
      <symbol id="sm-38e">
         <name>_S_base</name>
         <value>0xd104</value>
         <object_component_ref idref="oc-b3"/>
      </symbol>
      <symbol id="sm-38f">
         <name>_V_alfa_P</name>
         <value>0xc00e</value>
         <object_component_ref idref="oc-b2"/>
      </symbol>
      <symbol id="sm-390">
         <name>_V_base</name>
         <value>0xd102</value>
         <object_component_ref idref="oc-b3"/>
      </symbol>
      <symbol id="sm-391">
         <name>_V_alfa_N</name>
         <value>0xc010</value>
         <object_component_ref idref="oc-b2"/>
      </symbol>
      <symbol id="sm-392">
         <name>_Z_base</name>
         <value>0xd108</value>
         <object_component_ref idref="oc-b3"/>
      </symbol>
      <symbol id="sm-393">
         <name>_Vq_medf</name>
         <value>0xc1ac</value>
         <object_component_ref idref="oc-128"/>
      </symbol>
      <symbol id="sm-394">
         <name>_time_pwm</name>
         <value>0xc030</value>
         <object_component_ref idref="oc-b2"/>
      </symbol>
      <symbol id="sm-395">
         <name>_Id_med</name>
         <value>0xc150</value>
         <object_component_ref idref="oc-122"/>
      </symbol>
      <symbol id="sm-396">
         <name>_V_alfa_int</name>
         <value>0xc188</value>
         <object_component_ref idref="oc-150"/>
      </symbol>
      <symbol id="sm-397">
         <name>_Chaves</name>
         <value>0xc032</value>
         <object_component_ref idref="oc-107"/>
      </symbol>
      <symbol id="sm-398">
         <name>_Vd_med</name>
         <value>0xc1a0</value>
         <object_component_ref idref="oc-11c"/>
      </symbol>
      <symbol id="sm-399">
         <name>_Vd_medf</name>
         <value>0xc1a4</value>
         <object_component_ref idref="oc-126"/>
      </symbol>
      <symbol id="sm-39a">
         <name>_V_beta_out</name>
         <value>0xc19c</value>
         <object_component_ref idref="oc-158"/>
      </symbol>
      <symbol id="sm-39b">
         <name>_Ed_inv</name>
         <value>0xc024</value>
         <object_component_ref idref="oc-b2"/>
      </symbol>
      <symbol id="sm-39c">
         <name>_Vq_pu</name>
         <value>0xc01e</value>
         <object_component_ref idref="oc-b2"/>
      </symbol>
      <symbol id="sm-39d">
         <name>_V_alfa_out</name>
         <value>0xc190</value>
         <object_component_ref idref="oc-152"/>
      </symbol>
      <symbol id="sm-39e">
         <name>_teste_PLL</name>
         <value>0x985c</value>
         <object_component_ref idref="oc-117"/>
      </symbol>
      <symbol id="sm-39f">
         <name>_Pi_id</name>
         <value>0xc170</value>
         <object_component_ref idref="oc-141"/>
      </symbol>
      <symbol id="sm-3a0">
         <name>_V_beta_inter</name>
         <value>0xc198</value>
         <object_component_ref idref="oc-154"/>
      </symbol>
      <symbol id="sm-3a1">
         <name>_Pi_iq</name>
         <value>0xc174</value>
         <object_component_ref idref="oc-145"/>
      </symbol>
      <symbol id="sm-3a2">
         <name>_first_time</name>
         <value>0xc007</value>
         <object_component_ref idref="oc-b2"/>
      </symbol>
      <symbol id="sm-3a3">
         <name>_FLL_Freq</name>
         <value>0xc148</value>
         <object_component_ref idref="oc-15c"/>
      </symbol>
      <symbol id="sm-3a4">
         <name>_Tau</name>
         <value>0xd112</value>
         <object_component_ref idref="oc-b3"/>
      </symbol>
      <symbol id="sm-3a5">
         <name>_V_beta_N</name>
         <value>0xc014</value>
         <object_component_ref idref="oc-b2"/>
      </symbol>
      <symbol id="sm-3a6">
         <name>_V_beta_P</name>
         <value>0xc012</value>
         <object_component_ref idref="oc-b2"/>
      </symbol>
      <symbol id="sm-3a7">
         <name>_V_CAP</name>
         <value>0xc180</value>
         <object_component_ref idref="oc-118"/>
      </symbol>
      <symbol id="sm-3a8">
         <name>_I_A</name>
         <value>0xc00c</value>
         <object_component_ref idref="oc-b2"/>
      </symbol>
      <symbol id="sm-3a9">
         <name>_k</name>
         <value>0xd110</value>
         <object_component_ref idref="oc-b3"/>
      </symbol>
      <symbol id="sm-3aa">
         <name>_Vpll</name>
         <value>0xc02e</value>
         <object_component_ref idref="oc-b2"/>
      </symbol>
      <symbol id="sm-3ab">
         <name>_P_med</name>
         <value>0xc168</value>
         <object_component_ref idref="oc-12f"/>
      </symbol>
      <symbol id="sm-3ac">
         <name>_Iq_pu</name>
         <value>0xc022</value>
         <object_component_ref idref="oc-b2"/>
      </symbol>
      <symbol id="sm-3ad">
         <name>_Vd_pu</name>
         <value>0xc01c</value>
         <object_component_ref idref="oc-b2"/>
      </symbol>
      <symbol id="sm-3ae">
         <name>_V_alfa_inter</name>
         <value>0xc18c</value>
         <object_component_ref idref="oc-14e"/>
      </symbol>
      <symbol id="sm-3be">
         <name>_sqrtf</name>
         <value>0xa056</value>
         <object_component_ref idref="oc-12e"/>
      </symbol>
      <symbol id="sm-3bf">
         <name>_sqrt</name>
         <value>0xa056</value>
         <object_component_ref idref="oc-12e"/>
      </symbol>
      <symbol id="sm-3e4">
         <name>_atan</name>
         <value>0x9da1</value>
         <object_component_ref idref="oc-15e"/>
      </symbol>
      <symbol id="sm-3e5">
         <name>_atanf</name>
         <value>0x9da1</value>
         <object_component_ref idref="oc-15e"/>
      </symbol>
      <symbol id="sm-3f3">
         <name>_cos</name>
         <value>0x9ef3</value>
         <object_component_ref idref="oc-120"/>
      </symbol>
      <symbol id="sm-3f4">
         <name>_cosf</name>
         <value>0x9ef3</value>
         <object_component_ref idref="oc-120"/>
      </symbol>
      <symbol id="sm-401">
         <name>_sin</name>
         <value>0x9f56</value>
         <object_component_ref idref="oc-121"/>
      </symbol>
      <symbol id="sm-402">
         <name>_sinf</name>
         <value>0x9f56</value>
         <object_component_ref idref="oc-121"/>
      </symbol>
      <symbol id="sm-41d">
         <name>_c_int00</name>
         <value>0x9faf</value>
         <object_component_ref idref="oc-4b"/>
      </symbol>
      <symbol id="sm-41e">
         <name>__stack</name>
         <value>0x400</value>
         <object_component_ref idref="oc-ce"/>
      </symbol>
      <symbol id="sm-42f">
         <name>FS$$DIV</name>
         <value>0x9e6b</value>
         <object_component_ref idref="oc-d4"/>
      </symbol>
      <symbol id="sm-43e">
         <name>_copy_in</name>
         <value>0xa07d</value>
         <object_component_ref idref="oc-103"/>
      </symbol>
      <symbol id="sm-44f">
         <name>_memcpy</name>
         <value>0xa0c1</value>
         <object_component_ref idref="oc-147"/>
      </symbol>
      <symbol id="sm-45b">
         <name>__system_pre_init</name>
         <value>0xa11c</value>
         <object_component_ref idref="oc-102"/>
      </symbol>
      <symbol id="sm-468">
         <name>__system_post_cinit</name>
         <value>0xa11e</value>
         <object_component_ref idref="oc-104"/>
      </symbol>
      <symbol id="sm-47c">
         <name>C$$EXIT</name>
         <value>0xa005</value>
         <object_component_ref idref="oc-106"/>
      </symbol>
      <symbol id="sm-47d">
         <name>_exit</name>
         <value>0xa007</value>
         <object_component_ref idref="oc-106"/>
      </symbol>
      <symbol id="sm-47e">
         <name>___TI_cleanup_ptr</name>
         <value>0xc03a</value>
         <object_component_ref idref="oc-ef"/>
      </symbol>
      <symbol id="sm-47f">
         <name>___TI_enable_exit_profile_output</name>
         <value>0xc038</value>
         <object_component_ref idref="oc-ef"/>
      </symbol>
      <symbol id="sm-480">
         <name>_abort</name>
         <value>0xa005</value>
         <object_component_ref idref="oc-106"/>
      </symbol>
      <symbol id="sm-481">
         <name>___TI_dtors_ptr</name>
         <value>0xc03c</value>
         <object_component_ref idref="oc-ef"/>
      </symbol>
      <symbol id="sm-495">
         <name>__unlock</name>
         <value>0xc1b0</value>
         <object_component_ref idref="oc-165"/>
      </symbol>
      <symbol id="sm-496">
         <name>__lock</name>
         <value>0xc03e</value>
         <object_component_ref idref="oc-148"/>
      </symbol>
      <symbol id="sm-497">
         <name>__register_lock</name>
         <value>0xa10f</value>
         <object_component_ref idref="oc-15f"/>
      </symbol>
      <symbol id="sm-498">
         <name>__nop</name>
         <value>0xa113</value>
         <object_component_ref idref="oc-15f"/>
      </symbol>
      <symbol id="sm-499">
         <name>__register_unlock</name>
         <value>0xa10b</value>
         <object_component_ref idref="oc-15f"/>
      </symbol>
      <symbol id="sm-4a8">
         <name>__args_main</name>
         <value>0xa0de</value>
         <object_component_ref idref="oc-105"/>
      </symbol>
      <symbol id="sm-4b2">
         <name>_errno</name>
         <value>0xc1b2</value>
         <object_component_ref idref="oc-100"/>
      </symbol>
   </symbol_table>
   <title>Link successful</title>
</link_info>
